// Vitest Snapshot v1

exports[`InputUI > should match a snapshot 1`] = `
<div
  class="lleXOl"
>
  <label
    class="lphNqp"
  >
    Little Input
  </label>
  <input
    class="hDLKVh"
    label="Little Input"
    placeholder=""
    type="text"
  />
</div>
`;
